// Jest Snapshot v1, https://goo.gl/fbAQLP

exports[`<Input.DigitSequence /> with helptext(+ icon) 1`] = `
<div
  class="input__help-text__container body-12  second"
  data-testid="input-digit-sequence-help-text"
>
  Test
  <svg
    class="icon"
    data-testid="icon"
    fill="none"
    height="24"
    viewBox="0 0 24 24"
    width="24"
    xmlns="http://www.w3.org/2000/svg"
  >
    <path
      d="M14.945 12c0 1.592-1.319 2.882-2.945 2.882-1.627 0-2.945-1.29-2.945-2.882S10.373 9.118 12 9.118c1.627 0 2.945 1.29 2.945 2.882z"
    />
    <path
      clip-rule="evenodd"
      d="M12 5C9.112 5 6.846 6.263 5.223 7.669a15.052 15.052 0 00-3.043 3.673c-.24.411-.24.905 0 1.316.408.7 1.422 2.27 3.043 3.673C6.846 17.737 9.113 19 12 19c2.888 0 5.154-1.264 6.777-2.669a15.05 15.05 0 003.043-3.673c.24-.411.24-.905 0-1.316a15.052 15.052 0 00-3.043-3.673C17.154 6.263 14.887 5 12 5zm-8.724 6.954a13.815 13.815 0 012.783-3.36C7.533 7.318 9.513 6.235 12 6.235c2.487 0 4.467 1.083 5.941 2.36a13.812 13.812 0 012.783 3.36.09.09 0 01.014.045.09.09 0 01-.014.046 13.813 13.813 0 01-2.783 3.36c-1.474 1.275-3.454 2.359-5.941 2.359-2.487 0-4.467-1.084-5.941-2.36a13.814 13.814 0 01-2.783-3.36.09.09 0 01-.014-.045.09.09 0 01.014-.046z"
      fill-rule="evenodd"
    />
  </svg>
</div>
`;
