// Jest Snapshot v1, https://goo.gl/fbAQLP

exports[`<Button /> default behaviour 1`] = `
<button
  class="btn btn-primary   btn-default-font shadow__form-2"
  data-testid="btn"
/>
`;
