// Jest Snapshot v1, https://goo.gl/fbAQLP

exports[`Slider Chart <Bar /> default behaviour 1`] = `"50%"`;
