// Jest Snapshot v1, https://goo.gl/fbAQLP

exports[`<Select.Button /> default behaviour 1`] = `
<summary
  class="select__btn btn btn-secondary"
  data-testid="select-btn"
>
  <p />
  <svg
    class="select__icon icon"
    data-testid="icon"
    fill="none"
    height="16"
    viewBox="0 0 16 16"
    width="16"
  >
    <path
      d="M13 4.889L7.5 11 2 4.889"
      stroke-linecap="round"
      stroke-linejoin="round"
      stroke-width="1.5"
    />
  </svg>
</summary>
`;
