// Jest Snapshot v1, https://goo.gl/fbAQLP

exports[`useInputId with predefined id Prop passed 1`] = `
<input
  class="input"
  data-testid="input"
  id="inputCustomId"
/>
`;
