// Jest Snapshot v1, https://goo.gl/fbAQLP

exports[`<Table /> with children 1`] = `
<table
  class="table"
  data-testid="table"
>
  <thead
    class="table__thead"
    data-testid="table-thead"
  >
    <tr
      class="table__tr "
      data-testid="table-tr"
    >
      <th
        aria-sort="descending"
        class="table__thead__th"
        data-testid="table-th"
      >
        <div>
          ID
          <svg
            class="icon chevron_up_and_down"
            data-testid="icon"
            fill="none"
            height="16"
            viewBox="0 0 24 24"
            width="16"
            xmlns="http://www.w3.org/2000/svg"
          >
            <path
              d="M17 9l-5-6-5 6M17 15l-5 6-5-6"
              stroke="#000"
              stroke-linecap="round"
              stroke-linejoin="round"
              stroke-width="2"
            />
          </svg>
        </div>
      </th>
      <th
        aria-sort="none"
        class="table__thead__th"
        data-testid="table-th"
      >
        <div>
          Amount
        </div>
      </th>
      <th
        aria-sort="descending"
        class="table__thead__th"
        data-testid="table-th"
      >
        <div>
          Test
          <svg
            class="icon chevron_up_and_down"
            data-testid="icon"
            fill="none"
            height="16"
            viewBox="0 0 24 24"
            width="16"
            xmlns="http://www.w3.org/2000/svg"
          >
            <path
              d="M17 9l-5-6-5 6M17 15l-5 6-5-6"
              stroke="#000"
              stroke-linecap="round"
              stroke-linejoin="round"
              stroke-width="2"
            />
          </svg>
        </div>
      </th>
      <th
        aria-sort="descending"
        class="table__thead__th"
        data-testid="table-th"
      >
        <div>
          Username
          <svg
            class="icon chevron_up_and_down"
            data-testid="icon"
            fill="none"
            height="16"
            viewBox="0 0 24 24"
            width="16"
            xmlns="http://www.w3.org/2000/svg"
          >
            <path
              d="M17 9l-5-6-5 6M17 15l-5 6-5-6"
              stroke="#000"
              stroke-linecap="round"
              stroke-linejoin="round"
              stroke-width="2"
            />
          </svg>
        </div>
      </th>
    </tr>
  </thead>
  <tbody
    class="table__tbody"
    data-testid="table-tbody"
  >
    <tr
      class="table__tr "
      data-testid="table-tr"
    >
      <td
        class="table__tbody__td"
        data-testid="table-td"
      >
        1
      </td>
      <td
        class="table__tbody__td"
        data-testid="table-td"
      >
        0.75
      </td>
      <td
        class="table__tbody__td"
        data-testid="table-td"
      >
        true
      </td>
      <td
        class="table__tbody__td"
        data-testid="table-td"
      >
        #hashtag
      </td>
    </tr>
    <tr
      class="table__tr "
      data-testid="table-tr"
    >
      <td
        class="table__tbody__td"
        data-testid="table-td"
      >
        2
      </td>
      <td
        class="table__tbody__td"
        data-testid="table-td"
      >
        1
      </td>
      <td
        class="table__tbody__td"
        data-testid="table-td"
      >
        false
      </td>
      <td
        class="table__tbody__td"
        data-testid="table-td"
      >
        me
      </td>
    </tr>
    <tr
      class="table__tr "
      data-testid="table-tr"
    >
      <td
        class="table__tbody__td"
        data-testid="table-td"
      >
        3
      </td>
      <td
        class="table__tbody__td"
        data-testid="table-td"
      >
        0.65
      </td>
      <td
        class="table__tbody__td"
        data-testid="table-td"
      >
        false
      </td>
      <td
        class="table__tbody__td"
        data-testid="table-td"
      >
        skg
      </td>
    </tr>
    <tr
      class="table__tr "
      data-testid="table-tr"
    >
      <td
        class="table__tbody__td"
        data-testid="table-td"
      >
        4
      </td>
      <td
        class="table__tbody__td"
        data-testid="table-td"
      >
        1.5
      </td>
      <td
        class="table__tbody__td"
        data-testid="table-td"
      >
        true
      </td>
      <td
        class="table__tbody__td"
        data-testid="table-td"
      >
        spoon
      </td>
    </tr>
    <tr
      class="table__tr "
      data-testid="table-tr"
    >
      <td
        class="table__tbody__td"
        data-testid="table-td"
      >
        5
      </td>
      <td
        class="table__tbody__td"
        data-testid="table-td"
      >
        1.25
      </td>
      <td
        class="table__tbody__td"
        data-testid="table-td"
      >
        false
      </td>
      <td
        class="table__tbody__td"
        data-testid="table-td"
      >
        georgekrax
      </td>
    </tr>
  </tbody>
</table>
`;
